2026-08-22 12:37:29,154 WARNING Conexión perdida (server rejected WebSocket connection: HTTP 404); reintentando en 5s
2026-08-22 12:37:34,504 WARNING Conexión perdida (server rejected WebSocket connection: HTTP 404); reintentando en 10s
2026-08-22 12:37:44,731 WARNING Conexión perdida (server rejected WebSocket connection: HTTP 404); reintentando en 20s
2026-08-22 12:38:04,984 WARNING Conexión perdida (server rejected WebSocket connection: HTTP 404); reintentando en 40s
2026-08-22 12:38:45,334 WARNING Conexión perdida (server rejected WebSocket connection: HTTP 404); reintentando en 80s
2026-08-22 12:40:05,687 WARNING Conexión perdida (server rejected WebSocket connection: HTTP 404); reintentando en 160s
2026-08-22 12:42:45,957 WARNING Conexión perdida (server rejected WebSocket connection: HTTP 404); reintentando en 300s
2026-08-22 12:47:46,230 WARNING Conexión perdida (server rejected WebSocket connection: HTTP 404); reintentando en 300s
2026-08-22 12:52:46,515 WARNING Conexión perdida (server rejected WebSocket connection: HTTP 404); reintentando en 300s
2026-08-22 12:57:46,814 WARNING Conexión perdida (server rejected WebSocket connection: HTTP 404); reintentando en 300s
2026-08-22 13:02:47,168 WARNING Conexión perdida (server rejected WebSocket connection: HTTP 404); reintentando en 300s
2026-08-22 13:07:47,600 WARNING Conexión perdida (server rejected WebSocket connection: HTTP 404); reintentando en 300s
2026-08-22 13:12:47,959 WARNING Conexión perdida (server rejected WebSocket connection: HTTP 404); reintentando en 300s
2026-08-22 13:17:48,273 WARNING Conexión perdida (server rejected WebSocket connection: HTTP 404); reintentando en 300s
2026-08-22 13:22:48,579 WARNING Conexión perdida (server rejected WebSocket connection: HTTP 404); reintentando en 300s
2026-08-22 13:27:48,881 WARNING Conexión perdida (server rejected WebSocket connection: HTTP 404); reintentando en 300s
2026-08-22 13:32:49,179 WARNING Conexión perdida (server rejected WebSocket connection: HTTP 404); reintentando en 300s
2026-08-22 13:37:49,474 WARNING Conexión perdida (server rejected WebSocket connection: HTTP 404); reintentando en 300s
2026-08-22 13:42:49,785 WARNING Conexión perdida (server rejected WebSocket connection: HTTP 404); reintentando en 300s
2026-08-22 13:47:50,070 WARNING Conexión perdida (server rejected WebSocket connection: HTTP 404); reintentando en 300s
2026-08-22 13:52:50,379 WARNING Conexión perdida (server rejected WebSocket connection: HTTP 404); reintentando en 300s
2026-08-22 13:57:50,682 WARNING Conexión perdida (server rejected WebSocket connection: HTTP 404); reintentando en 300s
2026-08-22 14:02:50,994 WARNING Conexión perdida (server rejected WebSocket connection: HTTP 404); reintentando en 300s
2026-08-22 14:07:51,295 WARNING Conexión perdida (server rejected WebSocket connection: HTTP 404); reintentando en 300s
2026-08-22 14:12:51,603 WARNING Conexión perdida (server rejected WebSocket connection: HTTP 404); reintentando en 300s
2026-08-22 14:17:51,879 WARNING Conexión perdida (server rejected WebSocket connection: HTTP 404); reintentando en 300s
2026-08-22 14:22:52,153 WARNING Conexión perdida (server rejected WebSocket connection: HTTP 404); reintentando en 300s
2026-08-22 14:27:52,445 WARNING Conexión perdida (server rejected WebSocket connection: HTTP 404); reintentando en 300s
2026-08-22 14:32:52,762 WARNING Conexión perdida (server rejected WebSocket connection: HTTP 404); reintentando en 300s
2026-08-22 14:37:53,135 WARNING Conexión perdida (server rejected WebSocket connection: HTTP 404); reintentando en 300s
2026-08-22 14:42:53,543 WARNING Conexión perdida (server rejected WebSocket connection: HTTP 404); reintentando en 300s
2026-08-22 14:47:54,056 WARNING Conexión perdida (server rejected WebSocket connection: HTTP 404); reintentando en 300s
2026-08-22 14:52:54,381 WARNING Conexión perdida (server rejected WebSocket connection: HTTP 404); reintentando en 300s
2026-08-22 14:57:54,738 WARNING Conexión perdida (server rejected WebSocket connection: HTTP 404); reintentando en 300s
2026-08-22 15:02:55,254 WARNING Conexión perdida (server rejected WebSocket connection: HTTP 404); reintentando en 300s
2026-08-22 15:07:55,602 WARNING Conexión perdida (server rejected WebSocket connection: HTTP 404); reintentando en 300s
2026-08-22 15:12:56,094 WARNING Conexión perdida (server rejected WebSocket connection: HTTP 404); reintentando en 300s
2026-08-22 15:17:56,608 WARNING Conexión perdida (server rejected WebSocket connection: HTTP 404); reintentando en 300s
2026-08-22 15:22:57,036 WARNING Conexión perdida (server rejected WebSocket connection: HTTP 404); reintentando en 300s
2026-08-22 15:27:57,570 WARNING Conexión perdida (server rejected WebSocket connection: HTTP 404); reintentando en 300s
2026-08-22 15:32:57,930 WARNING Conexión perdida (server rejected WebSocket connection: HTTP 404); reintentando en 300s
2026-08-22 15:37:58,476 WARNING Conexión perdida (server rejected WebSocket connection: HTTP 404); reintentando en 300s
2026-08-22 15:42:59,023 WARNING Conexión perdida (server rejected WebSocket connection: HTTP 404); reintentando en 300s
2026-08-22 15:47:59,543 WARNING Conexión perdida (server rejected WebSocket connection: HTTP 404); reintentando en 300s
2026-08-22 15:53:00,082 WARNING Conexión perdida (server rejected WebSocket connection: HTTP 404); reintentando en 300s
2026-08-22 15:58:00,573 WARNING Conexión perdida (server rejected WebSocket connection: HTTP 404); reintentando en 300s
2026-08-22 16:03:01,409 WARNING Conexión perdida (server rejected WebSocket connection: HTTP 404); reintentando en 300s
2026-08-22 16:08:01,793 WARNING Conexión perdida (server rejected WebSocket connection: HTTP 404); reintentando en 300s
2026-08-22 16:13:02,293 WARNING Conexión perdida (server rejected WebSocket connection: HTTP 404); reintentando en 300s
2026-08-22 16:18:02,673 WARNING Conexión perdida (server rejected WebSocket connection: HTTP 404); reintentando en 300s
2026-08-22 16:23:03,192 WARNING Conexión perdida (server rejected WebSocket connection: HTTP 404); reintentando en 300s
2026-08-22 16:28:03,676 WARNING Conexión perdida (server rejected WebSocket connection: HTTP 404); reintentando en 300s
2026-08-22 16:33:04,052 WARNING Conexión perdida (server rejected WebSocket connection: HTTP 404); reintentando en 300s
2026-08-22 16:38:04,352 WARNING Conexión perdida (server rejected WebSocket connection: HTTP 404); reintentando en 300s
2026-08-22 16:43:04,661 WARNING Conexión perdida (server rejected WebSocket connection: HTTP 404); reintentando en 300s
2026-08-22 16:48:04,942 WARNING Conexión perdida (server rejected WebSocket connection: HTTP 404); reintentando en 300s
2026-08-22 16:53:05,229 WARNING Conexión perdida (server rejected WebSocket connection: HTTP 404); reintentando en 300s
2026-08-22 16:58:05,513 WARNING Conexión perdida (server rejected WebSocket connection: HTTP 404); reintentando en 300s
2026-08-22 17:03:05,803 WARNING Conexión perdida (server rejected WebSocket connection: HTTP 404); reintentando en 300s
2026-08-22 17:08:06,100 WARNING Conexión perdida (server rejected WebSocket connection: HTTP 404); reintentando en 300s
2026-08-22 17:13:06,385 WARNING Conexión perdida (server rejected WebSocket connection: HTTP 404); reintentando en 300s
2026-08-22 17:18:06,659 WARNING Conexión perdida (server rejected WebSocket connection: HTTP 404); reintentando en 300s
2026-08-22 17:23:06,944 WARNING Conexión perdida (server rejected WebSocket connection: HTTP 404); reintentando en 300s
2026-08-22 17:28:07,257 WARNING Conexión perdida (server rejected WebSocket connection: HTTP 404); reintentando en 300s
2026-08-22 17:33:07,630 WARNING Conexión perdida (server rejected WebSocket connection: HTTP 404); reintentando en 300s
2026-08-22 17:38:07,990 WARNING Conexión perdida (server rejected WebSocket connection: HTTP 404); reintentando en 300s
2026-08-22 17:43:08,338 WARNING Conexión perdida (server rejected WebSocket connection: HTTP 404); reintentando en 300s
2026-08-22 17:48:08,691 WARNING Conexión perdida (server rejected WebSocket connection: HTTP 404); reintentando en 300s
2026-08-22 17:53:09,048 WARNING Conexión perdida (server rejected WebSocket connection: HTTP 404); reintentando en 300s
2026-08-22 17:58:09,384 WARNING Conexión perdida (server rejected WebSocket connection: HTTP 404); reintentando en 300s
2026-08-22 18:03:09,726 WARNING Conexión perdida (server rejected WebSocket connection: HTTP 404); reintentando en 300s
2026-08-22 18:08:10,088 WARNING Conexión perdida (server rejected WebSocket connection: HTTP 404); reintentando en 300s
2026-08-22 18:13:10,438 WARNING Conexión perdida (server rejected WebSocket connection: HTTP 404); reintentando en 300s
2026-08-22 18:18:10,782 WARNING Conexión perdida (server rejected WebSocket connection: HTTP 404); reintentando en 300s
2026-08-22 18:23:11,101 WARNING Conexión perdida (server rejected WebSocket connection: HTTP 404); reintentando en 300s
2026-08-22 18:28:11,416 WARNING Conexión perdida (server rejected WebSocket connection: HTTP 404); reintentando en 300s
2026-08-22 18:33:11,795 WARNING Conexión perdida (server rejected WebSocket connection: HTTP 404); reintentando en 300s
2026-08-22 18:38:12,117 WARNING Conexión perdida (server rejected WebSocket connection: HTTP 404); reintentando en 300s
2026-08-22 18:43:12,430 WARNING Conexión perdida (server rejected WebSocket connection: HTTP 404); reintentando en 300s
2026-08-22 18:48:12,726 WARNING Conexión perdida (server rejected WebSocket connection: HTTP 404); reintentando en 300s
2026-08-22 18:53:13,025 WARNING Conexión perdida (server rejected WebSocket connection: HTTP 404); reintentando en 300s
2026-08-22 18:58:13,336 WARNING Conexión perdida (server rejected WebSocket connection: HTTP 404); reintentando en 300s
2026-08-22 19:03:13,632 WARNING Conexión perdida (server rejected WebSocket connection: HTTP 404); reintentando en 300s
2026-08-22 19:08:13,936 WARNING Conexión perdida (server rejected WebSocket connection: HTTP 404); reintentando en 300s
2026-08-22 19:13:14,220 WARNING Conexión perdida (server rejected WebSocket connection: HTTP 404); reintentando en 300s
2026-08-22 19:18:14,532 WARNING Conexión perdida (server rejected WebSocket connection: HTTP 404); reintentando en 300s
2026-08-22 19:23:14,828 WARNING Conexión perdida (server rejected WebSocket connection: HTTP 404); reintentando en 300s
2026-08-22 19:28:15,138 WARNING Conexión perdida (server rejected WebSocket connection: HTTP 404); reintentando en 300s
2026-08-22 19:33:15,461 WARNING Conexión perdida (server rejected WebSocket connection: HTTP 404); reintentando en 300s
2026-08-22 19:38:15,745 WARNING Conexión perdida (server rejected WebSocket connection: HTTP 404); reintentando en 300s
2026-08-22 19:43:16,023 WARNING Conexión perdida (server rejected WebSocket connection: HTTP 404); reintentando en 300s
2026-08-22 19:48:16,313 WARNING Conexión perdida (server rejected WebSocket connection: HTTP 404); reintentando en 300s
2026-08-22 19:53:16,617 WARNING Conexión perdida (server rejected WebSocket connection: HTTP 404); reintentando en 300s
2026-08-22 19:58:16,932 WARNING Conexión perdida (server rejected WebSocket connection: HTTP 404); reintentando en 300s
2026-08-22 20:03:17,221 WARNING Conexión perdida (server rejected WebSocket connection: HTTP 404); reintentando en 300s
2026-08-22 20:08:17,514 WARNING Conexión perdida (server rejected WebSocket connection: HTTP 404); reintentando en 300s
2026-08-22 20:13:17,777 WARNING Conexión perdida (server rejected WebSocket connection: HTTP 404); reintentando en 300s
2026-08-22 20:18:18,071 WARNING Conexión perdida (server rejected WebSocket connection: HTTP 404); reintentando en 300s
2026-08-22 20:23:18,340 WARNING Conexión perdida (server rejected WebSocket connection: HTTP 404); reintentando en 300s
2026-08-22 20:28:18,602 WARNING Conexión perdida (server rejected WebSocket connection: HTTP 404); reintentando en 300s
2026-08-22 20:33:18,900 WARNING Conexión perdida (server rejected WebSocket connection: HTTP 404); reintentando en 300s
2026-08-22 20:38:19,188 WARNING Conexión perdida (server rejected WebSocket connection: HTTP 404); reintentando en 300s
2026-08-22 20:43:19,484 WARNING Conexión perdida (server rejected WebSocket connection: HTTP 404); reintentando en 300s
2026-08-22 20:48:19,771 WARNING Conexión perdida (server rejected WebSocket connection: HTTP 404); reintentando en 300s
2026-08-22 20:53:20,056 WARNING Conexión perdida (server rejected WebSocket connection: HTTP 404); reintentando en 300s
2026-08-22 20:58:20,328 WARNING Conexión perdida (server rejected WebSocket connection: HTTP 404); reintentando en 300s
2026-08-22 21:03:20,605 WARNING Conexión perdida (server rejected WebSocket connection: HTTP 404); reintentando en 300s
2026-08-22 21:08:21,103 WARNING Conexión perdida (server rejected WebSocket connection: HTTP 404); reintentando en 300s
2026-08-22 21:13:21,363 WARNING Conexión perdida (server rejected WebSocket connection: HTTP 404); reintentando en 300s
2026-08-22 21:18:21,652 WARNING Conexión perdida (server rejected WebSocket connection: HTTP 404); reintentando en 300s
2026-08-22 21:23:21,926 WARNING Conexión perdida (server rejected WebSocket connection: HTTP 404); reintentando en 300s
2026-08-22 21:28:22,240 WARNING Conexión perdida (server rejected WebSocket connection: HTTP 404); reintentando en 300s
2026-08-22 21:33:22,514 WARNING Conexión perdida (server rejected WebSocket connection: HTTP 404); reintentando en 300s
2026-08-22 21:38:22,800 WARNING Conexión perdida (server rejected WebSocket connection: HTTP 404); reintentando en 300s
2026-08-22 21:43:23,097 WARNING Conexión perdida (server rejected WebSocket connection: HTTP 404); reintentando en 300s
2026-08-22 21:48:23,376 WARNING Conexión perdida (server rejected WebSocket connection: HTTP 404); reintentando en 300s
2026-08-22 21:53:23,670 WARNING Conexión perdida (server rejected WebSocket connection: HTTP 404); reintentando en 300s
2026-08-22 21:58:23,946 WARNING Conexión perdida (server rejected WebSocket connection: HTTP 404); reintentando en 300s
2026-08-22 22:03:24,223 WARNING Conexión perdida (server rejected WebSocket connection: HTTP 404); reintentando en 300s
2026-08-22 22:08:24,504 WARNING Conexión perdida (server rejected WebSocket connection: HTTP 404); reintentando en 300s
2026-08-22 22:13:24,807 WARNING Conexión perdida (server rejected WebSocket connection: HTTP 404); reintentando en 300s
2026-08-22 22:18:25,095 WARNING Conexión perdida (server rejected WebSocket connection: HTTP 404); reintentando en 300s
2026-08-22 22:23:25,390 WARNING Conexión perdida (server rejected WebSocket connection: HTTP 404); reintentando en 300s
2026-08-22 22:28:25,685 WARNING Conexión perdida (server rejected WebSocket connection: HTTP 404); reintentando en 300s
2026-08-22 22:33:25,942 WARNING Conexión perdida (server rejected WebSocket connection: HTTP 404); reintentando en 300s
2026-08-22 22:38:26,198 WARNING Conexión perdida (server rejected WebSocket connection: HTTP 404); reintentando en 300s
2026-08-22 22:43:26,489 WARNING Conexión perdida (server rejected WebSocket connection: HTTP 404); reintentando en 300s
2026-08-22 22:48:26,759 WARNING Conexión perdida (server rejected WebSocket connection: HTTP 404); reintentando en 300s
2026-08-22 22:53:27,033 WARNING Conexión perdida (server rejected WebSocket connection: HTTP 404); reintentando en 300s
2026-08-22 22:58:27,327 WARNING Conexión perdida (server rejected WebSocket connection: HTTP 404); reintentando en 300s
2026-08-22 23:03:28,610 WARNING Conexión perdida (server rejected WebSocket connection: HTTP 404); reintentando en 300s
2026-08-22 23:08:28,904 WARNING Conexión perdida (server rejected WebSocket connection: HTTP 404); reintentando en 300s
2026-08-22 23:13:29,245 WARNING Conexión perdida (server rejected WebSocket connection: HTTP 404); reintentando en 300s
2026-08-22 23:18:29,554 WARNING Conexión perdida (server rejected WebSocket connection: HTTP 404); reintentando en 300s
2026-08-22 23:23:29,876 WARNING Conexión perdida (server rejected WebSocket connection: HTTP 404); reintentando en 300s
2026-08-22 23:28:30,159 WARNING Conexión perdida (server rejected WebSocket connection: HTTP 404); reintentando en 300s
2026-08-22 23:33:30,437 WARNING Conexión perdida (server rejected WebSocket connection: HTTP 404); reintentando en 300s
2026-08-22 23:38:30,708 WARNING Conexión perdida (server rejected WebSocket connection: HTTP 404); reintentando en 300s
2026-08-22 23:43:30,989 WARNING Conexión perdida (server rejected WebSocket connection: HTTP 404); reintentando en 300s
2026-08-22 23:48:31,264 WARNING Conexión perdida (server rejected WebSocket connection: HTTP 404); reintentando en 300s
2026-08-22 23:53:31,589 WARNING Conexión perdida (server rejected WebSocket connection: HTTP 404); reintentando en 300s
2026-08-22 23:58:31,886 WARNING Conexión perdida (server rejected WebSocket connection: HTTP 404); reintentando en 300s
2026-08-23 00:03:32,176 WARNING Conexión perdida (server rejected WebSocket connection: HTTP 404); reintentando en 300s
2026-08-23 00:08:32,458 WARNING Conexión perdida (server rejected WebSocket connection: HTTP 404); reintentando en 300s
2026-08-23 00:13:32,746 WARNING Conexión perdida (server rejected WebSocket connection: HTTP 404); reintentando en 300s
2026-08-23 00:18:33,059 WARNING Conexión perdida (server rejected WebSocket connection: HTTP 404); reintentando en 300s
2026-08-23 00:23:33,345 WARNING Conexión perdida (server rejected WebSocket connection: HTTP 404); reintentando en 300s
2026-08-23 00:28:33,610 WARNING Conexión perdida (server rejected WebSocket connection: HTTP 404); reintentando en 300s
2026-08-23 00:33:33,897 WARNING Conexión perdida (server rejected WebSocket connection: HTTP 404); reintentando en 300s
2026-08-23 00:38:34,178 WARNING Conexión perdida (server rejected WebSocket connection: HTTP 404); reintentando en 300s
2026-08-23 00:43:34,459 WARNING Conexión perdida (server rejected WebSocket connection: HTTP 404); reintentando en 300s
2026-08-23 00:48:34,735 WARNING Conexión perdida (server rejected WebSocket connection: HTTP 404); reintentando en 300s
2026-08-23 00:53:35,014 WARNING Conexión perdida (server rejected WebSocket connection: HTTP 404); reintentando en 300s
2026-08-23 00:58:35,306 WARNING Conexión perdida (server rejected WebSocket connection: HTTP 404); reintentando en 300s
2026-08-23 01:03:35,586 WARNING Conexión perdida (server rejected WebSocket connection: HTTP 404); reintentando en 300s
2026-08-23 01:08:35,878 WARNING Conexión perdida (server rejected WebSocket connection: HTTP 404); reintentando en 300s
2026-08-23 01:13:36,170 WARNING Conexión perdida (server rejected WebSocket connection: HTTP 404); reintentando en 300s
2026-08-23 01:18:36,479 WARNING Conexión perdida (server rejected WebSocket connection: HTTP 404); reintentando en 300s
2026-08-23 01:23:36,756 WARNING Conexión perdida (server rejected WebSocket connection: HTTP 404); reintentando en 300s
2026-08-23 01:28:37,059 WARNING Conexión perdida (server rejected WebSocket connection: HTTP 404); reintentando en 300s
2026-08-23 01:33:37,342 WARNING Conexión perdida (server rejected WebSocket connection: HTTP 404); reintentando en 300s
Traceback (most recent call last):
  File "C:\Users\nanou\AppData\Local\Programs\Python\Python313\Lib\asyncio\runners.py", line 118, in run
    return self._loop.run_until_complete(task)
           ~~~~~~~~~~~~~~~~~~~~~~~~~~~~~^^^^^^
  File "C:\Users\nanou\AppData\Local\Programs\Python\Python313\Lib\asyncio\base_events.py", line 725, in run_until_complete
    return future.result()
           ~~~~~~~~~~~~~^^
  File "C:\Users\nanou\Desktop\testing\ed_test\ed-indumentaria-test\printer-client\client.py", line 83, in run
    await asyncio.sleep(reconnect_delay)
  File "C:\Users\nanou\AppData\Local\Programs\Python\Python313\Lib\asyncio\tasks.py", line 718, in sleep
    return await future
           ^^^^^^^^^^^^
asyncio.exceptions.CancelledError

During handling of the above exception, another exception occurred:

Traceback (most recent call last):
  File "C:\Users\nanou\Desktop\testing\ed_test\ed-indumentaria-test\printer-client\client.py", line 90, in <module>
    asyncio.run(run())
    ~~~~~~~~~~~^^^^^^^
  File "C:\Users\nanou\AppData\Local\Programs\Python\Python313\Lib\asyncio\runners.py", line 195, in run
    return runner.run(main)
           ~~~~~~~~~~^^^^^^
  File "C:\Users\nanou\AppData\Local\Programs\Python\Python313\Lib\asyncio\runners.py", line 123, in run
    raise KeyboardInterrupt()
KeyboardInterrupt
