2026-08-19 11:45:45,007 INFO Conectado al servidor de impresión
2026-08-19 13:05:48,176 WARNING Conexión perdida (sent 1011 (internal error) keepalive ping timeout; no close frame received); reintentando en 5s
2026-08-19 13:06:03,185 WARNING Conexión perdida (timed out during handshake); reintentando en 10s
2026-08-19 13:06:13,188 WARNING Conexión perdida ([Errno 11001] getaddrinfo failed); reintentando en 20s
2026-08-19 13:06:33,193 WARNING Conexión perdida ([Errno 11001] getaddrinfo failed); reintentando en 40s
2026-08-19 13:07:23,202 WARNING Conexión perdida (timed out during handshake); reintentando en 80s
2026-08-19 13:08:53,220 WARNING Conexión perdida (timed out during handshake); reintentando en 160s
2026-08-19 13:11:43,243 WARNING Conexión perdida (timed out during handshake); reintentando en 300s
2026-08-19 13:16:43,541 INFO Conectado al servidor de impresión
2026-08-19 22:28:35,680 WARNING Conexión perdida (no close frame received or sent); reintentando en 5s
2026-08-19 22:28:40,964 WARNING Conexión perdida (server rejected WebSocket connection: HTTP 404); reintentando en 10s
2026-08-19 22:28:51,194 WARNING Conexión perdida (server rejected WebSocket connection: HTTP 404); reintentando en 20s
2026-08-19 22:29:11,415 WARNING Conexión perdida (server rejected WebSocket connection: HTTP 404); reintentando en 40s
2026-08-19 22:29:51,653 WARNING Conexión perdida (server rejected WebSocket connection: HTTP 404); reintentando en 80s
2026-08-19 22:31:11,902 WARNING Conexión perdida (server rejected WebSocket connection: HTTP 404); reintentando en 160s
2026-08-19 22:33:52,153 WARNING Conexión perdida (server rejected WebSocket connection: HTTP 404); reintentando en 300s
2026-08-19 22:38:52,411 WARNING Conexión perdida (server rejected WebSocket connection: HTTP 404); reintentando en 300s
2026-08-19 22:43:52,670 WARNING Conexión perdida (server rejected WebSocket connection: HTTP 404); reintentando en 300s
2026-08-19 22:48:52,914 WARNING Conexión perdida (server rejected WebSocket connection: HTTP 404); reintentando en 300s
2026-08-19 22:53:53,161 WARNING Conexión perdida (server rejected WebSocket connection: HTTP 404); reintentando en 300s
2026-08-19 22:58:53,406 WARNING Conexión perdida (server rejected WebSocket connection: HTTP 404); reintentando en 300s
2026-08-19 23:03:53,664 WARNING Conexión perdida (server rejected WebSocket connection: HTTP 404); reintentando en 300s
2026-08-19 23:08:53,923 WARNING Conexión perdida (server rejected WebSocket connection: HTTP 404); reintentando en 300s
2026-08-19 23:13:54,171 WARNING Conexión perdida (server rejected WebSocket connection: HTTP 404); reintentando en 300s
2026-08-19 23:18:54,423 WARNING Conexión perdida (server rejected WebSocket connection: HTTP 404); reintentando en 300s
2026-08-19 23:23:54,678 WARNING Conexión perdida (server rejected WebSocket connection: HTTP 404); reintentando en 300s
2026-08-19 23:28:54,930 WARNING Conexión perdida (server rejected WebSocket connection: HTTP 404); reintentando en 300s
2026-08-19 23:33:55,193 WARNING Conexión perdida (server rejected WebSocket connection: HTTP 404); reintentando en 300s
2026-08-19 23:38:55,455 WARNING Conexión perdida (server rejected WebSocket connection: HTTP 404); reintentando en 300s
2026-08-19 23:43:55,717 WARNING Conexión perdida (server rejected WebSocket connection: HTTP 404); reintentando en 300s
2026-08-19 23:48:55,969 WARNING Conexión perdida (server rejected WebSocket connection: HTTP 404); reintentando en 300s
2026-08-19 23:53:56,285 WARNING Conexión perdida (server rejected WebSocket connection: HTTP 404); reintentando en 300s
2026-08-19 23:58:56,541 WARNING Conexión perdida (server rejected WebSocket connection: HTTP 404); reintentando en 300s
2026-08-20 00:03:56,807 WARNING Conexión perdida (server rejected WebSocket connection: HTTP 404); reintentando en 300s
2026-08-20 00:08:57,036 WARNING Conexión perdida (server rejected WebSocket connection: HTTP 404); reintentando en 300s
2026-08-20 00:13:57,286 WARNING Conexión perdida (server rejected WebSocket connection: HTTP 404); reintentando en 300s
2026-08-20 00:18:57,535 WARNING Conexión perdida (server rejected WebSocket connection: HTTP 404); reintentando en 300s
Traceback (most recent call last):
  File "C:\Users\nanou\AppData\Local\Programs\Python\Python313\Lib\asyncio\runners.py", line 118, in run
    return self._loop.run_until_complete(task)
           ~~~~~~~~~~~~~~~~~~~~~~~~~~~~~^^^^^^
  File "C:\Users\nanou\AppData\Local\Programs\Python\Python313\Lib\asyncio\base_events.py", line 725, in run_until_complete
    return future.result()
           ~~~~~~~~~~~~~^^
  File "C:\Users\nanou\Desktop\testing\ed_test\ed-indumentaria-test\printer-client\client.py", line 83, in run
    await asyncio.sleep(reconnect_delay)
  File "C:\Users\nanou\AppData\Local\Programs\Python\Python313\Lib\asyncio\tasks.py", line 718, in sleep
    return await future
           ^^^^^^^^^^^^
asyncio.exceptions.CancelledError

During handling of the above exception, another exception occurred:

Traceback (most recent call last):
  File "C:\Users\nanou\Desktop\testing\ed_test\ed-indumentaria-test\printer-client\client.py", line 90, in <module>
    asyncio.run(run())
    ~~~~~~~~~~~^^^^^^^
  File "C:\Users\nanou\AppData\Local\Programs\Python\Python313\Lib\asyncio\runners.py", line 195, in run
    return runner.run(main)
           ~~~~~~~~~~^^^^^^
  File "C:\Users\nanou\AppData\Local\Programs\Python\Python313\Lib\asyncio\runners.py", line 123, in run
    raise KeyboardInterrupt()
KeyboardInterrupt
